// Jest Snapshot v1, https://goo.gl/fbAQLP

exports[`App should match the snapshot 1`] = `
<div
  className="App"
>
  <NavHeader />
  <main>
    <Route
      exact={true}
      path="/"
      render={[Function]}
    />
    <Route
      path="/search"
      render={[Function]}
    />
    <Route
      path="/favorites"
      render={[Function]}
    />
  </main>
</div>
`;
