// Jest Snapshot v1, https://goo.gl/fbAQLP

exports[`NavHeader should match the snapshot 1`] = `
<header>
  <h1>
    PuppyLove
  </h1>
  <NavLink
    to="/"
  >
    VOTE
  </NavLink>
  <NavLink
    to="/search"
  >
    SEARCH
  </NavLink>
  <NavLink
    to="/favorites"
  >
    FAVORITES
  </NavLink>
</header>
`;
